I'm sorry, but errors were detected in your script. Please correct the
errors listed below, and try again.


The label to_sewers is defined twice, at File "game/script.rpy", line 98:
label to_sewers:
and File "game/script.rpy", line 100:
label to_sewers:


Ren'Py Version: Ren'Py 8.4.1.25072401
Tue Oct 28 21:41:41 2025
